﻿
> slay-count@0.0.0 build
> vite build

[36mvite v6.0.0 [32mbuilding for production...[36m[39m
transforming...
[32mΓ£ô[39m 3039 modules transformed.
node.exe : [31mx[39m Build failed in 54.34s
At line:1 char:1
+ & "C:\Program Files\nodejs/node.exe" "C:\Program Files\nodejs/node_mo ...
+ ~~~~~~~~~~~~~~~~~~~~~~~~~~~~~~~~~~~~~~~~~~~~~~~~~~~~~~~~~~~~~~~~~~~~~
    + CategoryInfo          : NotSpecified: ([31mx[39m Build failed in 54.34s:String) [], RemoteException
    + FullyQualifiedErrorId : NativeCommandError
 
[31merror during build:
[31msrc/pages/TaxCenter/TaxDashboard.jsx (15:2): "calculateCorporateTax" is not exported by 
"src/logic/tax/calculator.js", imported by "src/pages/TaxCenter/TaxDashboard.jsx".[31m
file: [36mC:/Users/march/OneDrive/Desktop/Slay count/src/pages/TaxCenter/TaxDashboard.jsx:15:2[31m
[33m
13:   calculatePPhSummary, 
14:   getTaxDeadlines, 
15:   calculateCorporateTax, 
      ^
16:   TAX_RULES 
17: } from '../../logic/tax/calculator.js';
[31m
    at getRollupError 
(file:///C:/Users/march/OneDrive/Desktop/Slay%20count/node_modules/rollup/dist/es/shared/parseAst.js:406:41)
    at error 
(file:///C:/Users/march/OneDrive/Desktop/Slay%20count/node_modules/rollup/dist/es/shared/parseAst.js:402:42)
    at Module.error 
(file:///C:/Users/march/OneDrive/Desktop/Slay%20count/node_modules/rollup/dist/es/shared/node-entry.js:17384:16)
    at Module.traceVariable 
(file:///C:/Users/march/OneDrive/Desktop/Slay%20count/node_modules/rollup/dist/es/shared/node-entry.js:17817:29)
    at ModuleScope.findVariable 
(file:///C:/Users/march/OneDrive/Desktop/Slay%20count/node_modules/rollup/dist/es/shared/node-entry.js:15407:39)
    at FunctionScope.findVariable 
(file:///C:/Users/march/OneDrive/Desktop/Slay%20count/node_modules/rollup/dist/es/shared/node-entry.js:5676:38)
    at FunctionBodyScope.findVariable 
(file:///C:/Users/march/OneDrive/Desktop/Slay%20count/node_modules/rollup/dist/es/shared/node-entry.js:5676:38)
    at Identifier.bind 
(file:///C:/Users/march/OneDrive/Desktop/Slay%20count/node_modules/rollup/dist/es/shared/node-entry.js:5450:40)
    at CallExpression.bind 
(file:///C:/Users/march/OneDrive/Desktop/Slay%20count/node_modules/rollup/dist/es/shared/node-entry.js:2832:23)
    at CallExpression.bind 
(file:///C:/Users/march/OneDrive/Desktop/Slay%20count/node_modules/rollup/dist/es/shared/node-entry.js:12516:15)[39m
